Tracing for Foo
  <- java.lang.String(java.lang.String) on Test0.java:6
  <- Test.foo() on Test0.java:18
  -> ist.meic.pa.Trace.print(java.lang.Object) on Test0.java:18
Tracing for Bar
  <- java.lang.String(java.lang.String) on Test0.java:10
  <- Test.bar() on Test0.java:19
  -> Test.identity(java.lang.Object) on Test0.java:20
  <- Test.identity(java.lang.Object) on Test0.java:20
  -> ist.meic.pa.Trace.print(java.lang.Object) on Test0.java:20
