java.lang.ClassNotFoundException: caught an exception while obtaining a class file for TestObjectComparison
	at javassist.Loader.findClass(Loader.java:360)
	at javassist.Loader.loadClass(Loader.java:312)
	at java.lang.ClassLoader.loadClass(ClassLoader.java:247)
	at javassist.Loader.run(Loader.java:289)
	at ist.meic.pa.vm.TraceRunner.run(TraceRunner.java:44)
	at ist.meic.pa.TraceVM.main(TraceVM.java:10)
Caused by: javassist.NotFoundException: TestObjectComparison
	at javassist.ClassPool.get(ClassPool.java:450)
	at ist.meic.pa.translator.TraceTranslator.onLoad(TraceTranslator.java:20)
	at javassist.Loader.findClass(Loader.java:341)
	... 5 more
